// Jest Snapshot v1, https://goo.gl/fbAQLP

exports[`DaysOfMonth:  component should render component with class names props 1`] = `
<div
  className="root className"
  data-component="DaysOfMonth"
>
  <WithRender
    error={null}
    hidden={false}
    rendered={true}
  >
    <WithRender
      className="labelClassName"
      hidden={false}
      rendered={true}
      required={false}
    >
      <div
        className="dateCard"
      >
        <DayCell
          className="dayCell cellClassName"
          isDisabled={false}
          label="1"
          onChange={[Function]}
          value={1}
        />
        <DayCell
          className="dayCell cellClassName"
          isDisabled={false}
          label="2"
          onChange={[Function]}
          value={2}
        />
        <DayCell
          className="dayCell cellClassName"
          isDisabled={false}
          label="3"
          onChange={[Function]}
          value={3}
        />
        <DayCell
          className="dayCell cellClassName"
          isDisabled={false}
          label="4"
          onChange={[Function]}
          value={4}
        />
        <DayCell
          className="dayCell cellClassName"
          isDisabled={false}
          label="5"
          onChange={[Function]}
          value={5}
        />
        <DayCell
          className="dayCell cellClassName"
          isDisabled={false}
          label="6"
          onChange={[Function]}
          value={6}
        />
        <DayCell
          className="dayCell cellClassName"
          isDisabled={false}
          label="7"
          onChange={[Function]}
          value={7}
        />
        <DayCell
          className="dayCell cellClassName"
          isDisabled={false}
          label="8"
          onChange={[Function]}
          value={8}
        />
        <DayCell
          className="dayCell cellClassName"
          isDisabled={false}
          label="9"
          onChange={[Function]}
          value={9}
        />
        <DayCell
          className="dayCell cellClassName"
          isDisabled={false}
          label="10"
          onChange={[Function]}
          value={10}
        />
        <DayCell
          className="dayCell cellClassName"
          isDisabled={false}
          label="11"
          onChange={[Function]}
          value={11}
        />
        <DayCell
          className="dayCell cellClassName"
          isDisabled={false}
          label="12"
          onChange={[Function]}
          value={12}
        />
        <DayCell
          className="dayCell cellClassName"
          isDisabled={false}
          label="13"
          onChange={[Function]}
          value={13}
        />
        <DayCell
          className="dayCell cellClassName"
          isDisabled={false}
          label="14"
          onChange={[Function]}
          value={14}
        />
        <DayCell
          className="dayCell cellClassName"
          isDisabled={false}
          label="15"
          onChange={[Function]}
          value={15}
        />
        <DayCell
          className="dayCell cellClassName"
          isDisabled={false}
          label="16"
          onChange={[Function]}
          value={16}
        />
        <DayCell
          className="dayCell cellClassName"
          isDisabled={false}
          label="17"
          onChange={[Function]}
          value={17}
        />
        <DayCell
          className="dayCell cellClassName"
          isDisabled={false}
          label="18"
          onChange={[Function]}
          value={18}
        />
        <DayCell
          className="dayCell cellClassName"
          isDisabled={false}
          label="19"
          onChange={[Function]}
          value={19}
        />
        <DayCell
          className="dayCell cellClassName"
          isDisabled={false}
          label="20"
          onChange={[Function]}
          value={20}
        />
        <DayCell
          className="dayCell cellClassName"
          isDisabled={false}
          label="21"
          onChange={[Function]}
          value={21}
        />
        <DayCell
          className="dayCell cellClassName"
          isDisabled={false}
          label="22"
          onChange={[Function]}
          value={22}
        />
        <DayCell
          className="dayCell cellClassName"
          isDisabled={false}
          label="23"
          onChange={[Function]}
          value={23}
        />
        <DayCell
          className="dayCell cellClassName"
          isDisabled={false}
          label="24"
          onChange={[Function]}
          value={24}
        />
        <DayCell
          className="dayCell cellClassName"
          isDisabled={false}
          label="25"
          onChange={[Function]}
          value={25}
        />
        <DayCell
          className="dayCell cellClassName"
          isDisabled={false}
          label="26"
          onChange={[Function]}
          value={26}
        />
        <DayCell
          className="dayCell cellClassName"
          isDisabled={false}
          label="27"
          onChange={[Function]}
          value={27}
        />
        <DayCell
          className="dayCell cellClassName"
          isDisabled={false}
          label="28"
          onChange={[Function]}
          value={28}
        />
        <DayCell
          className="dayCell cellClassName"
          isDisabled={false}
          label="29"
          onChange={[Function]}
          value={29}
        />
        <DayCell
          className="dayCell cellClassName"
          isDisabled={false}
          label="30"
          onChange={[Function]}
          value={30}
        />
        <DayCell
          className="dayCell cellClassName"
          isDisabled={false}
          label="31"
          onChange={[Function]}
          value={31}
        />
      </div>
    </WithRender>
  </WithRender>
</div>
`;

exports[`DaysOfMonth:  component should render component with default props 1`] = `
<div
  className="root"
  data-component="DaysOfMonth"
>
  <WithRender
    error={null}
    hidden={false}
    rendered={true}
  >
    <WithRender
      hidden={false}
      rendered={true}
      required={false}
    >
      <div
        className="dateCard"
      >
        <DayCell
          className="dayCell"
          isDisabled={false}
          label="1"
          onChange={[Function]}
          value={1}
        />
        <DayCell
          className="dayCell"
          isDisabled={false}
          label="2"
          onChange={[Function]}
          value={2}
        />
        <DayCell
          className="dayCell"
          isDisabled={false}
          label="3"
          onChange={[Function]}
          value={3}
        />
        <DayCell
          className="dayCell"
          isDisabled={false}
          label="4"
          onChange={[Function]}
          value={4}
        />
        <DayCell
          className="dayCell"
          isDisabled={false}
          label="5"
          onChange={[Function]}
          value={5}
        />
        <DayCell
          className="dayCell"
          isDisabled={false}
          label="6"
          onChange={[Function]}
          value={6}
        />
        <DayCell
          className="dayCell"
          isDisabled={false}
          label="7"
          onChange={[Function]}
          value={7}
        />
        <DayCell
          className="dayCell"
          isDisabled={false}
          label="8"
          onChange={[Function]}
          value={8}
        />
        <DayCell
          className="dayCell"
          isDisabled={false}
          label="9"
          onChange={[Function]}
          value={9}
        />
        <DayCell
          className="dayCell"
          isDisabled={false}
          label="10"
          onChange={[Function]}
          value={10}
        />
        <DayCell
          className="dayCell"
          isDisabled={false}
          label="11"
          onChange={[Function]}
          value={11}
        />
        <DayCell
          className="dayCell"
          isDisabled={false}
          label="12"
          onChange={[Function]}
          value={12}
        />
        <DayCell
          className="dayCell"
          isDisabled={false}
          label="13"
          onChange={[Function]}
          value={13}
        />
        <DayCell
          className="dayCell"
          isDisabled={false}
          label="14"
          onChange={[Function]}
          value={14}
        />
        <DayCell
          className="dayCell"
          isDisabled={false}
          label="15"
          onChange={[Function]}
          value={15}
        />
        <DayCell
          className="dayCell"
          isDisabled={false}
          label="16"
          onChange={[Function]}
          value={16}
        />
        <DayCell
          className="dayCell"
          isDisabled={false}
          label="17"
          onChange={[Function]}
          value={17}
        />
        <DayCell
          className="dayCell"
          isDisabled={false}
          label="18"
          onChange={[Function]}
          value={18}
        />
        <DayCell
          className="dayCell"
          isDisabled={false}
          label="19"
          onChange={[Function]}
          value={19}
        />
        <DayCell
          className="dayCell"
          isDisabled={false}
          label="20"
          onChange={[Function]}
          value={20}
        />
        <DayCell
          className="dayCell"
          isDisabled={false}
          label="21"
          onChange={[Function]}
          value={21}
        />
        <DayCell
          className="dayCell"
          isDisabled={false}
          label="22"
          onChange={[Function]}
          value={22}
        />
        <DayCell
          className="dayCell"
          isDisabled={false}
          label="23"
          onChange={[Function]}
          value={23}
        />
        <DayCell
          className="dayCell"
          isDisabled={false}
          label="24"
          onChange={[Function]}
          value={24}
        />
        <DayCell
          className="dayCell"
          isDisabled={false}
          label="25"
          onChange={[Function]}
          value={25}
        />
        <DayCell
          className="dayCell"
          isDisabled={false}
          label="26"
          onChange={[Function]}
          value={26}
        />
        <DayCell
          className="dayCell"
          isDisabled={false}
          label="27"
          onChange={[Function]}
          value={27}
        />
        <DayCell
          className="dayCell"
          isDisabled={false}
          label="28"
          onChange={[Function]}
          value={28}
        />
        <DayCell
          className="dayCell"
          isDisabled={false}
          label="29"
          onChange={[Function]}
          value={29}
        />
        <DayCell
          className="dayCell"
          isDisabled={false}
          label="30"
          onChange={[Function]}
          value={30}
        />
        <DayCell
          className="dayCell"
          isDisabled={false}
          label="31"
          onChange={[Function]}
          value={31}
        />
      </div>
    </WithRender>
  </WithRender>
</div>
`;

exports[`DaysOfMonth:  component should render component with description prop 1`] = `
<div
  className="root"
  data-component="DaysOfMonth"
>
  <WithRender
    error={null}
    hidden={false}
    rendered={true}
  >
    <WithRender
      hidden={false}
      rendered={true}
      required={false}
    >
      <div
        className="dateCard"
      >
        <DayCell
          className="dayCell"
          isDisabled={false}
          label="1"
          onChange={[Function]}
          value={1}
        />
        <DayCell
          className="dayCell"
          isDisabled={false}
          label="2"
          onChange={[Function]}
          value={2}
        />
        <DayCell
          className="dayCell"
          isDisabled={false}
          label="3"
          onChange={[Function]}
          value={3}
        />
        <DayCell
          className="dayCell"
          isDisabled={false}
          label="4"
          onChange={[Function]}
          value={4}
        />
        <DayCell
          className="dayCell"
          isDisabled={false}
          label="5"
          onChange={[Function]}
          value={5}
        />
        <DayCell
          className="dayCell"
          isDisabled={false}
          label="6"
          onChange={[Function]}
          value={6}
        />
        <DayCell
          className="dayCell"
          isDisabled={false}
          label="7"
          onChange={[Function]}
          value={7}
        />
        <DayCell
          className="dayCell"
          isDisabled={false}
          label="8"
          onChange={[Function]}
          value={8}
        />
        <DayCell
          className="dayCell"
          isDisabled={false}
          label="9"
          onChange={[Function]}
          value={9}
        />
        <DayCell
          className="dayCell"
          isDisabled={false}
          label="10"
          onChange={[Function]}
          value={10}
        />
        <DayCell
          className="dayCell"
          isDisabled={false}
          label="11"
          onChange={[Function]}
          value={11}
        />
        <DayCell
          className="dayCell"
          isDisabled={false}
          label="12"
          onChange={[Function]}
          value={12}
        />
        <DayCell
          className="dayCell"
          isDisabled={false}
          label="13"
          onChange={[Function]}
          value={13}
        />
        <DayCell
          className="dayCell"
          isDisabled={false}
          label="14"
          onChange={[Function]}
          value={14}
        />
        <DayCell
          className="dayCell"
          isDisabled={false}
          label="15"
          onChange={[Function]}
          value={15}
        />
        <DayCell
          className="dayCell"
          isDisabled={false}
          label="16"
          onChange={[Function]}
          value={16}
        />
        <DayCell
          className="dayCell"
          isDisabled={false}
          label="17"
          onChange={[Function]}
          value={17}
        />
        <DayCell
          className="dayCell"
          isDisabled={false}
          label="18"
          onChange={[Function]}
          value={18}
        />
        <DayCell
          className="dayCell"
          isDisabled={false}
          label="19"
          onChange={[Function]}
          value={19}
        />
        <DayCell
          className="dayCell"
          isDisabled={false}
          label="20"
          onChange={[Function]}
          value={20}
        />
        <DayCell
          className="dayCell"
          isDisabled={false}
          label="21"
          onChange={[Function]}
          value={21}
        />
        <DayCell
          className="dayCell"
          isDisabled={false}
          label="22"
          onChange={[Function]}
          value={22}
        />
        <DayCell
          className="dayCell"
          isDisabled={false}
          label="23"
          onChange={[Function]}
          value={23}
        />
        <DayCell
          className="dayCell"
          isDisabled={false}
          label="24"
          onChange={[Function]}
          value={24}
        />
        <DayCell
          className="dayCell"
          isDisabled={false}
          label="25"
          onChange={[Function]}
          value={25}
        />
        <DayCell
          className="dayCell"
          isDisabled={false}
          label="26"
          onChange={[Function]}
          value={26}
        />
        <DayCell
          className="dayCell"
          isDisabled={false}
          label="27"
          onChange={[Function]}
          value={27}
        />
        <DayCell
          className="dayCell"
          isDisabled={false}
          label="28"
          onChange={[Function]}
          value={28}
        />
        <DayCell
          className="dayCell"
          isDisabled={false}
          label="29"
          onChange={[Function]}
          value={29}
        />
        <DayCell
          className="dayCell"
          isDisabled={false}
          label="30"
          onChange={[Function]}
          value={30}
        />
        <DayCell
          className="dayCell"
          isDisabled={false}
          label="31"
          onChange={[Function]}
          value={31}
        />
      </div>
    </WithRender>
  </WithRender>
  <div
    className="description"
  >
    Days of month component
  </div>
</div>
`;

exports[`DaysOfMonth:  component should render component with id prop 1`] = `
<DaysOfMonth
  error={null}
  hidden={false}
  id="id"
  isDisabled={false}
  onChange={[Function]}
  required={false}
  value={Array []}
/>
`;

exports[`DaysOfMonth:  component should render component with isDisabled prop 1`] = `
<div
  className="root"
  data-component="DaysOfMonth"
>
  <WithRender
    error={null}
    hidden={false}
    rendered={true}
  >
    <WithRender
      hidden={false}
      rendered={true}
      required={false}
    >
      <div
        className="dateCard"
      >
        <DayCell
          className="dayCell"
          isDisabled={true}
          label="1"
          onChange={[Function]}
          value={1}
        />
        <DayCell
          className="dayCell"
          isDisabled={true}
          label="2"
          onChange={[Function]}
          value={2}
        />
        <DayCell
          className="dayCell"
          isDisabled={true}
          label="3"
          onChange={[Function]}
          value={3}
        />
        <DayCell
          className="dayCell"
          isDisabled={true}
          label="4"
          onChange={[Function]}
          value={4}
        />
        <DayCell
          className="dayCell"
          isDisabled={true}
          label="5"
          onChange={[Function]}
          value={5}
        />
        <DayCell
          className="dayCell"
          isDisabled={true}
          label="6"
          onChange={[Function]}
          value={6}
        />
        <DayCell
          className="dayCell"
          isDisabled={true}
          label="7"
          onChange={[Function]}
          value={7}
        />
        <DayCell
          className="dayCell"
          isDisabled={true}
          label="8"
          onChange={[Function]}
          value={8}
        />
        <DayCell
          className="dayCell"
          isDisabled={true}
          label="9"
          onChange={[Function]}
          value={9}
        />
        <DayCell
          className="dayCell"
          isDisabled={true}
          label="10"
          onChange={[Function]}
          value={10}
        />
        <DayCell
          className="dayCell"
          isDisabled={true}
          label="11"
          onChange={[Function]}
          value={11}
        />
        <DayCell
          className="dayCell"
          isDisabled={true}
          label="12"
          onChange={[Function]}
          value={12}
        />
        <DayCell
          className="dayCell"
          isDisabled={true}
          label="13"
          onChange={[Function]}
          value={13}
        />
        <DayCell
          className="dayCell"
          isDisabled={true}
          label="14"
          onChange={[Function]}
          value={14}
        />
        <DayCell
          className="dayCell"
          isDisabled={true}
          label="15"
          onChange={[Function]}
          value={15}
        />
        <DayCell
          className="dayCell"
          isDisabled={true}
          label="16"
          onChange={[Function]}
          value={16}
        />
        <DayCell
          className="dayCell"
          isDisabled={true}
          label="17"
          onChange={[Function]}
          value={17}
        />
        <DayCell
          className="dayCell"
          isDisabled={true}
          label="18"
          onChange={[Function]}
          value={18}
        />
        <DayCell
          className="dayCell"
          isDisabled={true}
          label="19"
          onChange={[Function]}
          value={19}
        />
        <DayCell
          className="dayCell"
          isDisabled={true}
          label="20"
          onChange={[Function]}
          value={20}
        />
        <DayCell
          className="dayCell"
          isDisabled={true}
          label="21"
          onChange={[Function]}
          value={21}
        />
        <DayCell
          className="dayCell"
          isDisabled={true}
          label="22"
          onChange={[Function]}
          value={22}
        />
        <DayCell
          className="dayCell"
          isDisabled={true}
          label="23"
          onChange={[Function]}
          value={23}
        />
        <DayCell
          className="dayCell"
          isDisabled={true}
          label="24"
          onChange={[Function]}
          value={24}
        />
        <DayCell
          className="dayCell"
          isDisabled={true}
          label="25"
          onChange={[Function]}
          value={25}
        />
        <DayCell
          className="dayCell"
          isDisabled={true}
          label="26"
          onChange={[Function]}
          value={26}
        />
        <DayCell
          className="dayCell"
          isDisabled={true}
          label="27"
          onChange={[Function]}
          value={27}
        />
        <DayCell
          className="dayCell"
          isDisabled={true}
          label="28"
          onChange={[Function]}
          value={28}
        />
        <DayCell
          className="dayCell"
          isDisabled={true}
          label="29"
          onChange={[Function]}
          value={29}
        />
        <DayCell
          className="dayCell"
          isDisabled={true}
          label="30"
          onChange={[Function]}
          value={30}
        />
        <DayCell
          className="dayCell"
          isDisabled={true}
          label="31"
          onChange={[Function]}
          value={31}
        />
      </div>
    </WithRender>
  </WithRender>
</div>
`;

exports[`DaysOfMonth:  component should render component with label prop 1`] = `
<DaysOfMonth
  error={null}
  hidden={false}
  isDisabled={false}
  label="label"
  onChange={[Function]}
  required={false}
  value={Array []}
/>
`;

exports[`DaysOfMonth:  component should render component with name prop 1`] = `
<div
  className="root"
  data-component="DaysOfMonth"
>
  <WithRender
    error={null}
    hidden={false}
    rendered={true}
  >
    <WithRender
      hidden={false}
      rendered={true}
      required={false}
    >
      <div
        className="dateCard"
      >
        <DayCell
          className="dayCell"
          isDisabled={false}
          label="1"
          onChange={[Function]}
          value={1}
        />
        <DayCell
          className="dayCell"
          isDisabled={false}
          label="2"
          onChange={[Function]}
          value={2}
        />
        <DayCell
          className="dayCell"
          isDisabled={false}
          label="3"
          onChange={[Function]}
          value={3}
        />
        <DayCell
          className="dayCell"
          isDisabled={false}
          label="4"
          onChange={[Function]}
          value={4}
        />
        <DayCell
          className="dayCell"
          isDisabled={false}
          label="5"
          onChange={[Function]}
          value={5}
        />
        <DayCell
          className="dayCell"
          isDisabled={false}
          label="6"
          onChange={[Function]}
          value={6}
        />
        <DayCell
          className="dayCell"
          isDisabled={false}
          label="7"
          onChange={[Function]}
          value={7}
        />
        <DayCell
          className="dayCell"
          isDisabled={false}
          label="8"
          onChange={[Function]}
          value={8}
        />
        <DayCell
          className="dayCell"
          isDisabled={false}
          label="9"
          onChange={[Function]}
          value={9}
        />
        <DayCell
          className="dayCell"
          isDisabled={false}
          label="10"
          onChange={[Function]}
          value={10}
        />
        <DayCell
          className="dayCell"
          isDisabled={false}
          label="11"
          onChange={[Function]}
          value={11}
        />
        <DayCell
          className="dayCell"
          isDisabled={false}
          label="12"
          onChange={[Function]}
          value={12}
        />
        <DayCell
          className="dayCell"
          isDisabled={false}
          label="13"
          onChange={[Function]}
          value={13}
        />
        <DayCell
          className="dayCell"
          isDisabled={false}
          label="14"
          onChange={[Function]}
          value={14}
        />
        <DayCell
          className="dayCell"
          isDisabled={false}
          label="15"
          onChange={[Function]}
          value={15}
        />
        <DayCell
          className="dayCell"
          isDisabled={false}
          label="16"
          onChange={[Function]}
          value={16}
        />
        <DayCell
          className="dayCell"
          isDisabled={false}
          label="17"
          onChange={[Function]}
          value={17}
        />
        <DayCell
          className="dayCell"
          isDisabled={false}
          label="18"
          onChange={[Function]}
          value={18}
        />
        <DayCell
          className="dayCell"
          isDisabled={false}
          label="19"
          onChange={[Function]}
          value={19}
        />
        <DayCell
          className="dayCell"
          isDisabled={false}
          label="20"
          onChange={[Function]}
          value={20}
        />
        <DayCell
          className="dayCell"
          isDisabled={false}
          label="21"
          onChange={[Function]}
          value={21}
        />
        <DayCell
          className="dayCell"
          isDisabled={false}
          label="22"
          onChange={[Function]}
          value={22}
        />
        <DayCell
          className="dayCell"
          isDisabled={false}
          label="23"
          onChange={[Function]}
          value={23}
        />
        <DayCell
          className="dayCell"
          isDisabled={false}
          label="24"
          onChange={[Function]}
          value={24}
        />
        <DayCell
          className="dayCell"
          isDisabled={false}
          label="25"
          onChange={[Function]}
          value={25}
        />
        <DayCell
          className="dayCell"
          isDisabled={false}
          label="26"
          onChange={[Function]}
          value={26}
        />
        <DayCell
          className="dayCell"
          isDisabled={false}
          label="27"
          onChange={[Function]}
          value={27}
        />
        <DayCell
          className="dayCell"
          isDisabled={false}
          label="28"
          onChange={[Function]}
          value={28}
        />
        <DayCell
          className="dayCell"
          isDisabled={false}
          label="29"
          onChange={[Function]}
          value={29}
        />
        <DayCell
          className="dayCell"
          isDisabled={false}
          label="30"
          onChange={[Function]}
          value={30}
        />
        <DayCell
          className="dayCell"
          isDisabled={false}
          label="31"
          onChange={[Function]}
          value={31}
        />
      </div>
    </WithRender>
  </WithRender>
</div>
`;

exports[`DaysOfMonth:  component should render component with required prop 1`] = `
<DaysOfMonth
  error={null}
  hidden={false}
  isDisabled={false}
  onChange={[Function]}
  required={true}
  value={Array []}
/>
`;

exports[`DaysOfMonth:  component should render component with selected days 1`] = `
<div
  className="root"
  data-component="DaysOfMonth"
>
  <WithRender
    error={null}
    hidden={false}
    rendered={true}
  >
    <WithRender
      hidden={false}
      rendered={true}
      required={false}
    >
      <div
        className="dateCard"
      >
        <DayCell
          className="dayCell selected"
          isDisabled={false}
          label="1"
          onChange={[Function]}
          value={1}
        />
        <DayCell
          className="dayCell selected"
          isDisabled={false}
          label="2"
          onChange={[Function]}
          value={2}
        />
        <DayCell
          className="dayCell selected"
          isDisabled={false}
          label="3"
          onChange={[Function]}
          value={3}
        />
        <DayCell
          className="dayCell"
          isDisabled={false}
          label="4"
          onChange={[Function]}
          value={4}
        />
        <DayCell
          className="dayCell"
          isDisabled={false}
          label="5"
          onChange={[Function]}
          value={5}
        />
        <DayCell
          className="dayCell"
          isDisabled={false}
          label="6"
          onChange={[Function]}
          value={6}
        />
        <DayCell
          className="dayCell"
          isDisabled={false}
          label="7"
          onChange={[Function]}
          value={7}
        />
        <DayCell
          className="dayCell"
          isDisabled={false}
          label="8"
          onChange={[Function]}
          value={8}
        />
        <DayCell
          className="dayCell"
          isDisabled={false}
          label="9"
          onChange={[Function]}
          value={9}
        />
        <DayCell
          className="dayCell"
          isDisabled={false}
          label="10"
          onChange={[Function]}
          value={10}
        />
        <DayCell
          className="dayCell"
          isDisabled={false}
          label="11"
          onChange={[Function]}
          value={11}
        />
        <DayCell
          className="dayCell"
          isDisabled={false}
          label="12"
          onChange={[Function]}
          value={12}
        />
        <DayCell
          className="dayCell"
          isDisabled={false}
          label="13"
          onChange={[Function]}
          value={13}
        />
        <DayCell
          className="dayCell"
          isDisabled={false}
          label="14"
          onChange={[Function]}
          value={14}
        />
        <DayCell
          className="dayCell"
          isDisabled={false}
          label="15"
          onChange={[Function]}
          value={15}
        />
        <DayCell
          className="dayCell"
          isDisabled={false}
          label="16"
          onChange={[Function]}
          value={16}
        />
        <DayCell
          className="dayCell"
          isDisabled={false}
          label="17"
          onChange={[Function]}
          value={17}
        />
        <DayCell
          className="dayCell"
          isDisabled={false}
          label="18"
          onChange={[Function]}
          value={18}
        />
        <DayCell
          className="dayCell"
          isDisabled={false}
          label="19"
          onChange={[Function]}
          value={19}
        />
        <DayCell
          className="dayCell"
          isDisabled={false}
          label="20"
          onChange={[Function]}
          value={20}
        />
        <DayCell
          className="dayCell"
          isDisabled={false}
          label="21"
          onChange={[Function]}
          value={21}
        />
        <DayCell
          className="dayCell"
          isDisabled={false}
          label="22"
          onChange={[Function]}
          value={22}
        />
        <DayCell
          className="dayCell"
          isDisabled={false}
          label="23"
          onChange={[Function]}
          value={23}
        />
        <DayCell
          className="dayCell"
          isDisabled={false}
          label="24"
          onChange={[Function]}
          value={24}
        />
        <DayCell
          className="dayCell"
          isDisabled={false}
          label="25"
          onChange={[Function]}
          value={25}
        />
        <DayCell
          className="dayCell"
          isDisabled={false}
          label="26"
          onChange={[Function]}
          value={26}
        />
        <DayCell
          className="dayCell"
          isDisabled={false}
          label="27"
          onChange={[Function]}
          value={27}
        />
        <DayCell
          className="dayCell"
          isDisabled={false}
          label="28"
          onChange={[Function]}
          value={28}
        />
        <DayCell
          className="dayCell"
          isDisabled={false}
          label="29"
          onChange={[Function]}
          value={29}
        />
        <DayCell
          className="dayCell"
          isDisabled={false}
          label="30"
          onChange={[Function]}
          value={30}
        />
        <DayCell
          className="dayCell"
          isDisabled={false}
          label="31"
          onChange={[Function]}
          value={31}
        />
      </div>
    </WithRender>
  </WithRender>
</div>
`;
